{
"header": {
  "magic_number": 3735928559,
  "header_size": 32,
  "version_maj": 0,
  "version_min": 1,
  "pipeline_layout_offset": 32,
  "image_to_cis_map_offset": 40,
  "sampler_to_cis_map_offset": 44,
  "user_metadata_offset": 48
},
"pipeline_layout": {
  "descriptor_sets": [
    {
      "set": 0,
      "descriptors": [
      ]
    }
  ]
},
"image_to_cis_map": {
  "entries": [
  ]
},
"sampler_to_cis_map": {
  "entries": [
  ]
},
"user_metadata": {
}
}
