{
"header": {
  "magic_number": 3735928559,
  "header_size": 40,
  "version_maj": 0,
  "version_min": 1,
  "entrypoints_offset": 40,
  "pipeline_layout_offset": 64,
  "image_to_cis_map_offset": 84,
  "sampler_to_cis_map_offset": 88,
  "user_metadata_offset": 92
},
"entrypoints": { 
  "vertex": "VSMain",
  "fragment": "(null)",
  "compute": "(null)"
},
"pipeline_layout": {
  "descriptor_sets": [
    {
      "set": 0,
      "descriptors": [
        {
          "binding": 0,
          "type": "IMAGE",
          "stage_vis": 1
        }
      ]
    }
  ]
},
"image_to_cis_map": {
  "entries": [
  ]
},
"sampler_to_cis_map": {
  "entries": [
  ]
},
"threadgroup_size": [0, 0, 0],
"user_metadata": {
}
}
